[PerifaceLsp]2024/05/20 13:39:09 main.go:14: Starting PerifaceLsp
[PerifaceLsp]2024/05/20 13:39:09 main.go:29: Received msg with method: initialize
[PerifaceLsp]2024/05/20 13:39:09 main.go:30: Method: initialize, Contents: {"jsonrpc":"2.0","params":{"processId":32131,"clientInfo":{"version":"0.10.0-dev+gb40170f7a","name":"Neovim"},"trace":"off","rootPath":null,"rootUri":null,"workspaceFolders":null,"capabilities":{"general":{"positionEncodings":["utf-16"]},"window":{"workDoneProgress":true,"showMessage":{"messageActionItem":{"additionalPropertiesSupport":false}},"showDocument":{"support":true}},"workspace":{"didChangeConfiguration":{"dynamicRegistration":false},"applyEdit":true,"workspaceEdit":{"resourceOperations":["rename","create","delete"]},"didChangeWatchedFiles":{"dynamicRegistration":true,"relativePatternSupport":true},"inlayHint":{"refreshSupport":true},"symbol":{"dynamicRegistration":false,"symbolKind":{"valueSet":[1,2,3,4,5,6,7,8,9,10,11,12,13,14,15,16,17,18,19,20,21,22,23,24,25,26]}},"semanticTokens":{"refreshSupport":true},"workspaceFolders":true,"configuration":true},"textDocument":{"signatureHelp":{"dynamicRegistration":false,"signatureInformation":{"documentationFormat":["markdown","plaintext"],"activeParameterSupport":true,"parameterInformation":{"labelOffsetSupport":true}}},"documentHighlight":{"dynamicRegistration":false},"references":{"dynamicRegistration":false},"synchronization":{"didSave":true,"willSaveWaitUntil":true,"dynamicRegistration":false,"willSave":true},"diagnostic":{"dynamicRegistration":false},"codeAction":{"dataSupport":true,"resolveSupport":{"properties":["edit"]},"dynamicRegistration":true,"codeActionLiteralSupport":{"codeActionKind":{"valueSet":["","quickfix","refactor","refactor.extract","refactor.inline","refactor.rewrite","source","source.organizeImports"]}},"isPreferredSupport":true},"callHierarchy":{"dynamicRegistration":false},"rename":{"dynamicRegistration":true,"prepareSupport":true},"formatting":{"dynamicRegistration":true},"rangeFormatting":{"dynamicRegistration":true},"completion":{"completionItem":{"deprecatedSupport":false,"documentationFormat":["markdown","plaintext"],"snippetSupport":false,"commitCharactersSupport":false,"preselectSupport":false},"completionItemKind":{"valueSet":[1,2,3,4,5,6,7,8,9,10,11,12,13,14,15,16,17,18,19,20,21,22,23,24,25]},"dynamicRegistration":false,"contextSupport":false},"publishDiagnostics":{"tagSupport":{"valueSet":[1,2]},"dataSupport":true,"relatedInformation":true},"declaration":{"linkSupport":true},"documentSymbol":{"hierarchicalDocumentSymbolSupport":true,"dynamicRegistration":false,"symbolKind":{"valueSet":[1,2,3,4,5,6,7,8,9,10,11,12,13,14,15,16,17,18,19,20,21,22,23,24,25,26]}},"typeDefinition":{"linkSupport":true},"semanticTokens":{"formats":["relative"],"requests":{"range":false,"full":{"delta":true}},"overlappingTokenSupport":true,"multilineTokenSupport":false,"serverCancelSupport":false,"augmentsSyntaxTokens":true,"dynamicRegistration":false,"tokenTypes":["namespace","type","class","enum","interface","struct","typeParameter","parameter","variable","property","enumMember","event","function","method","macro","keyword","modifier","comment","string","number","regexp","operator","decorator"],"tokenModifiers":["declaration","definition","readonly","static","deprecated","abstract","async","modification","documentation","defaultLibrary"]},"definition":{"linkSupport":true,"dynamicRegistration":true},"implementation":{"linkSupport":true},"hover":{"dynamicRegistration":true,"contentFormat":["markdown","plaintext"]},"inlayHint":{"dynamicRegistration":true,"resolveSupport":{"properties":["textEdits","tooltip","location","command"]}}}}},"method":"initialize","id":1}
[PerifaceLsp]2024/05/20 13:39:09 main.go:38: Connected to: Neovim 0.10.0-dev+gb40170f7a
[PerifaceLsp]2024/05/20 13:39:09 main.go:46: Reply sent
[PerifaceLsp]2024/05/20 13:39:09 main.go:29: Received msg with method: initialized
[PerifaceLsp]2024/05/20 13:39:09 main.go:30: Method: initialized, Contents: {"jsonrpc":"2.0","method":"initialized","params":{}}
[PerifaceLsp]2024/05/20 13:39:11 main.go:29: Received msg with method: shutdown
[PerifaceLsp]2024/05/20 13:39:11 main.go:30: Method: shutdown, Contents: {"jsonrpc":"2.0","method":"shutdown","id":2}
